c#1 I1-F1
c#2 I1-IF2 I2-IF1
c#3 I1-ID I2-IF2 I3-IF1
c#4 I1-EX I2-ID I3-IF2 I$-IF1
c#5 I1-MEM1 I2-stall I3-stall I4-stall
c#6 I1-MEM2 I2-stall I3-stall I4-stall
c#7 I1-MEM3 I2-EX I3-ID I4-IF2 I5-IF1
c#8 I1-WB I2-MEM1 I3-EX I4-ID I5-IF2 I6-IF1
c#9 I2-MEM2 I3-MEM1 I4-EX I5-ID I6-IF2
c#10 I2-MEM3 I3-MEM2 I4-MEM1 I7-IF1
c#11 I2-WB I3-MEM3 I4-MEM2 I7-IF2
c#12 I3-WB I4-MEM3 I7-ID
c#13 I4-WB I7-EX
c#14 I7-MEM1
c#15 I7-MEM2
c#16 I7-MEM3
c#17 I7-WB
REGISTERS
R1 58
R2 60
R3 42
R4 102
R5 8
MEMORY
8 40
16 102
